0 verbose cli /usr/local/bin/node /usr/local/bin/npm
1 info using npm@11.6.2
2 info using node@v24.12.0
3 silly config load:file:/usr/local/lib/node_modules/npm/npmrc
4 silly config load:file:/Users/danielbuk/DCIM Compliance App/.npmrc
5 silly config load:file:/Users/danielbuk/.npmrc
6 silly config load:file:/usr/local/etc/npmrc
7 verbose title npm install @deck.gl/widgets
8 verbose argv "install" "@deck.gl/widgets" "--legacy-peer-deps" "--cache" "/Users/danielbuk/DCIM Compliance App/.npm-local-cache"
9 verbose logfile logs-max:10 dir:/Users/danielbuk/DCIM Compliance App/.npm-local-cache/_logs/2025-12-30T22_42_55_864Z-
10 verbose logfile /Users/danielbuk/DCIM Compliance App/.npm-local-cache/_logs/2025-12-30T22_42_55_864Z-debug-0.log
11 silly logfile done cleaning log files
12 silly packumentCache heap:4496293888 maxSize:1124073472 maxEntrySize:562036736
13 verbose shrinkwrap failed to load node_modules/.package-lock.json out of date, updated: node_modules
14 silly idealTree buildDeps
15 silly fetch manifest @deck.gl/widgets@*
16 silly packumentCache full:https://registry.npmjs.org/@deck.gl%2fwidgets cache-miss
17 http fetch GET 200 https://registry.npmjs.org/@deck.gl%2fwidgets 277ms (cache miss)
18 silly packumentCache full:https://registry.npmjs.org/@deck.gl%2fwidgets set size:undefined disposed:false
19 silly placeDep ROOT @deck.gl/widgets@9.2.5 OK for: dcim-compliance-app@1.0.0 want: *
20 silly fetch manifest preact@^10.17.0
21 silly packumentCache full:https://registry.npmjs.org/preact cache-miss
22 http fetch GET 200 https://registry.npmjs.org/preact 112ms (cache miss)
23 silly packumentCache full:https://registry.npmjs.org/preact set size:undefined disposed:false
24 silly placeDep ROOT preact@10.28.1 OK for: @deck.gl/widgets@9.2.5 want: ^10.17.0
25 silly reify moves {}
26 silly audit bulk request {
26 silly audit   '@acemir/cssom': [ '0.9.30' ],
26 silly audit   '@adobe/css-tools': [ '4.4.4' ],
26 silly audit   '@alloc/quick-lru': [ '5.2.0' ],
26 silly audit   '@apideck/better-ajv-errors': [ '0.3.6' ],
26 silly audit   '@asamuzakjp/css-color': [ '4.1.1' ],
26 silly audit   'lru-cache': [ '11.2.4', '5.1.1' ],
26 silly audit   '@asamuzakjp/dom-selector': [ '6.7.6' ],
26 silly audit   '@asamuzakjp/nwsapi': [ '2.3.9' ],
26 silly audit   '@babel/code-frame': [ '7.27.1' ],
26 silly audit   '@babel/compat-data': [ '7.28.5' ],
26 silly audit   '@babel/core': [ '7.28.5' ],
26 silly audit   '@babel/generator': [ '7.28.5' ],
26 silly audit   '@babel/helper-annotate-as-pure': [ '7.27.3' ],
26 silly audit   '@babel/helper-compilation-targets': [ '7.27.2' ],
26 silly audit   '@babel/helper-create-class-features-plugin': [ '7.28.5' ],
26 silly audit   '@babel/helper-create-regexp-features-plugin': [ '7.28.5' ],
26 silly audit   '@babel/helper-define-polyfill-provider': [ '0.6.5' ],
26 silly audit   '@babel/helper-globals': [ '7.28.0' ],
26 silly audit   '@babel/helper-member-expression-to-functions': [ '7.28.5' ],
26 silly audit   '@babel/helper-module-imports': [ '7.27.1' ],
26 silly audit   '@babel/helper-module-transforms': [ '7.28.3' ],
26 silly audit   '@babel/helper-optimise-call-expression': [ '7.27.1' ],
26 silly audit   '@babel/helper-plugin-utils': [ '7.27.1' ],
26 silly audit   '@babel/helper-remap-async-to-generator': [ '7.27.1' ],
26 silly audit   '@babel/helper-replace-supers': [ '7.27.1' ],
26 silly audit   '@babel/helper-skip-transparent-expression-wrappers': [ '7.27.1' ],
26 silly audit   '@babel/helper-string-parser': [ '7.27.1' ],
26 silly audit   '@babel/helper-validator-identifier': [ '7.28.5' ],
26 silly audit   '@babel/helper-validator-option': [ '7.27.1' ],
26 silly audit   '@babel/helper-wrap-function': [ '7.28.3' ],
26 silly audit   '@babel/helpers': [ '7.28.4' ],
26 silly audit   '@babel/parser': [ '7.28.5' ],
26 silly audit   '@babel/plugin-bugfix-firefox-class-in-computed-class-key': [ '7.28.5' ],
26 silly audit   '@babel/plugin-bugfix-safari-class-field-initializer-scope': [ '7.27.1' ],
26 silly audit   '@babel/plugin-bugfix-safari-id-destructuring-collision-in-function-expression': [ '7.27.1' ],
26 silly audit   '@babel/plugin-bugfix-v8-spread-parameters-in-optional-chaining': [ '7.27.1' ],
26 silly audit   '@babel/plugin-bugfix-v8-static-class-fields-redefine-readonly': [ '7.28.3' ],
26 silly audit   '@babel/plugin-proposal-private-property-in-object': [ '7.21.0-placeholder-for-preset-env.2' ],
26 silly audit   '@babel/plugin-syntax-import-assertions': [ '7.27.1' ],
26 silly audit   '@babel/plugin-syntax-import-attributes': [ '7.27.1' ],
26 silly audit   '@babel/plugin-syntax-unicode-sets-regex': [ '7.18.6' ],
26 silly audit   '@babel/plugin-transform-arrow-functions': [ '7.27.1' ],
26 silly audit   '@babel/plugin-transform-async-generator-functions': [ '7.28.0' ],
26 silly audit   '@babel/plugin-transform-async-to-generator': [ '7.27.1' ],
26 silly audit   '@babel/plugin-transform-block-scoped-functions': [ '7.27.1' ],
26 silly audit   '@babel/plugin-transform-block-scoping': [ '7.28.5' ],
26 silly audit   '@babel/plugin-transform-class-properties': [ '7.27.1' ],
26 silly audit   '@babel/plugin-transform-class-static-block': [ '7.28.3' ],
26 silly audit   '@babel/plugin-transform-classes': [ '7.28.4' ],
26 silly audit   '@babel/plugin-transform-computed-properties': [ '7.27.1' ],
26 silly audit   '@babel/plugin-transform-destructuring': [ '7.28.5' ],
26 silly audit   '@babel/plugin-transform-dotall-regex': [ '7.27.1' ],
26 silly audit   '@babel/plugin-transform-duplicate-keys': [ '7.27.1' ],
26 silly audit   '@babel/plugin-transform-duplicate-named-capturing-groups-regex': [ '7.27.1' ],
26 silly audit   '@babel/plugin-transform-dynamic-import': [ '7.27.1' ],
26 silly audit   '@babel/plugin-transform-explicit-resource-management': [ '7.28.0' ],
26 silly audit   '@babel/plugin-transform-exponentiation-operator': [ '7.28.5' ],
26 silly audit   '@babel/plugin-transform-export-namespace-from': [ '7.27.1' ],
26 silly audit   '@babel/plugin-transform-for-of': [ '7.27.1' ],
26 silly audit   '@babel/plugin-transform-function-name': [ '7.27.1' ],
26 silly audit   '@babel/plugin-transform-json-strings': [ '7.27.1' ],
26 silly audit   '@babel/plugin-transform-literals': [ '7.27.1' ],
26 silly audit   '@babel/plugin-transform-logical-assignment-operators': [ '7.28.5' ],
26 silly audit   '@babel/plugin-transform-member-expression-literals': [ '7.27.1' ],
26 silly audit   '@babel/plugin-transform-modules-amd': [ '7.27.1' ],
26 silly audit   '@babel/plugin-transform-modules-commonjs': [ '7.27.1' ],
26 silly audit   '@babel/plugin-transform-modules-systemjs': [ '7.28.5' ],
26 silly audit   '@babel/plugin-transform-modules-umd': [ '7.27.1' ],
26 silly audit   '@babel/plugin-transform-named-capturing-groups-regex': [ '7.27.1' ],
26 silly audit   '@babel/plugin-transform-new-target': [ '7.27.1' ],
26 silly audit   '@babel/plugin-transform-nullish-coalescing-operator': [ '7.27.1' ],
26 silly audit   '@babel/plugin-transform-numeric-separator': [ '7.27.1' ],
26 silly audit   '@babel/plugin-transform-object-rest-spread': [ '7.28.4' ],
26 silly audit   '@babel/plugin-transform-object-super': [ '7.27.1' ],
26 silly audit   '@babel/plugin-transform-optional-catch-binding': [ '7.27.1' ],
26 silly audit   '@babel/plugin-transform-optional-chaining': [ '7.28.5' ],
26 silly audit   '@babel/plugin-transform-parameters': [ '7.27.7' ],
26 silly audit   '@babel/plugin-transform-private-methods': [ '7.27.1' ],
26 silly audit   '@babel/plugin-transform-private-property-in-object': [ '7.27.1' ],
26 silly audit   '@babel/plugin-transform-property-literals': [ '7.27.1' ],
26 silly audit   '@babel/plugin-transform-react-jsx-self': [ '7.27.1' ],
26 silly audit   '@babel/plugin-transform-react-jsx-source': [ '7.27.1' ],
26 silly audit   '@babel/plugin-transform-regenerator': [ '7.28.4' ],
26 silly audit   '@babel/plugin-transform-regexp-modifiers': [ '7.27.1' ],
26 silly audit   '@babel/plugin-transform-reserved-words': [ '7.27.1' ],
26 silly audit   '@babel/plugin-transform-shorthand-properties': [ '7.27.1' ],
26 silly audit   '@babel/plugin-transform-spread': [ '7.27.1' ],
26 silly audit   '@babel/plugin-transform-sticky-regex': [ '7.27.1' ],
26 silly audit   '@babel/plugin-transform-template-literals': [ '7.27.1' ],
26 silly audit   '@babel/plugin-transform-typeof-symbol': [ '7.27.1' ],
26 silly audit   '@babel/plugin-transform-unicode-escapes': [ '7.27.1' ],
26 silly audit   '@babel/plugin-transform-unicode-property-regex': [ '7.27.1' ],
26 silly audit   '@babel/plugin-transform-unicode-regex': [ '7.27.1' ],
26 silly audit   '@babel/plugin-transform-unicode-sets-regex': [ '7.27.1' ],
26 silly audit   '@babel/preset-env': [ '7.28.5' ],
26 silly audit   '@babel/preset-modules': [ '0.1.6-no-external-plugins' ],
26 silly audit   '@babel/runtime': [ '7.28.4' ],
26 silly audit   '@babel/template': [ '7.27.2' ],
26 silly audit   '@babel/traverse': [ '7.28.5' ],
26 silly audit   '@babel/types': [ '7.28.5' ],
26 silly audit   '@csstools/color-helpers': [ '5.1.0' ],
26 silly audit   '@csstools/css-calc': [ '2.1.4' ],
26 silly audit   '@csstools/css-color-parser': [ '3.1.0' ],
26 silly audit   '@csstools/css-parser-algorithms': [ '3.0.5' ],
26 silly audit   '@csstools/css-syntax-patches-for-csstree': [ '1.0.22' ],
26 silly audit   '@csstools/css-tokenizer': [ '3.0.4' ],
26 silly audit   '@deck.gl/aggregation-layers': [ '9.2.5' ],
26 silly audit   '@deck.gl/core': [ '9.2.5' ],
26 silly audit   '@types/offscreencanvas': [ '2019.7.3', '2019.3.0' ],
26 silly audit   '@deck.gl/layers': [ '9.2.5' ],
26 silly audit   earcut: [ '2.2.4', '3.0.2' ],
26 silly audit   '@deck.gl/react': [ '9.2.5' ],
26 silly audit   '@esbuild/aix-ppc64': [ '0.21.5', '0.27.2' ],
26 silly audit   '@esbuild/android-arm': [ '0.21.5', '0.27.2' ],
26 silly audit   '@esbuild/android-arm64': [ '0.21.5', '0.27.2' ],
26 silly audit   '@esbuild/android-x64': [ '0.21.5', '0.27.2' ],
26 silly audit   '@esbuild/darwin-arm64': [ '0.21.5', '0.27.2' ],
26 silly audit   '@esbuild/darwin-x64': [ '0.21.5', '0.27.2' ],
26 silly audit   '@esbuild/freebsd-arm64': [ '0.21.5', '0.27.2' ],
26 silly audit   '@esbuild/freebsd-x64': [ '0.21.5', '0.27.2' ],
26 silly audit   '@esbuild/linux-arm': [ '0.21.5', '0.27.2' ],
26 silly audit   '@esbuild/linux-arm64': [ '0.21.5', '0.27.2' ],
26 silly audit   '@esbuild/linux-ia32': [ '0.21.5', '0.27.2' ],
26 silly audit   '@esbuild/linux-loong64': [ '0.21.5', '0.27.2' ],
26 silly audit   '@esbuild/linux-mips64el': [ '0.21.5', '0.27.2' ],
26 silly audit   '@esbuild/linux-ppc64': [ '0.21.5', '0.27.2' ],
26 silly audit   '@esbuild/linux-riscv64': [ '0.21.5', '0.27.2' ],
26 silly audit   '@esbuild/linux-s390x': [ '0.21.5', '0.27.2' ],
26 silly audit   '@esbuild/linux-x64': [ '0.21.5', '0.27.2' ],
26 silly audit   '@esbuild/netbsd-arm64': [ '0.27.2' ],
26 silly audit   '@esbuild/netbsd-x64': [ '0.21.5', '0.27.2' ],
26 silly audit   '@esbuild/openbsd-arm64': [ '0.27.2' ],
26 silly audit   '@esbuild/openbsd-x64': [ '0.21.5', '0.27.2' ],
26 silly audit   '@esbuild/openharmony-arm64': [ '0.27.2' ],
26 silly audit   '@esbuild/sunos-x64': [ '0.21.5', '0.27.2' ],
26 silly audit   '@esbuild/win32-arm64': [ '0.21.5', '0.27.2' ],
26 silly audit   '@esbuild/win32-ia32': [ '0.21.5', '0.27.2' ],
26 silly audit   '@esbuild/win32-x64': [ '0.21.5', '0.27.2' ],
26 silly audit   '@exodus/bytes': [ '1.7.0' ],
26 silly audit   '@isaacs/balanced-match': [ '4.0.1' ],
26 silly audit   '@isaacs/brace-expansion': [ '5.0.0' ],
26 silly audit   '@isaacs/cliui': [ '8.0.2' ],
26 silly audit   'ansi-regex': [ '6.2.2', '5.0.1' ],
26 silly audit   'ansi-styles': [ '6.2.3', '4.3.0' ],
26 silly audit   'emoji-regex': [ '9.2.2', '8.0.0' ],
26 silly audit   'string-width': [ '5.1.2', '4.2.3' ],
26 silly audit   'strip-ansi': [ '7.1.2', '6.0.1' ],
26 silly audit   'wrap-ansi': [ '8.1.0', '7.0.0' ],
26 silly audit   '@jridgewell/gen-mapping': [ '0.3.13' ],
26 silly audit   '@jridgewell/remapping': [ '2.3.5' ],
26 silly audit   '@jridgewell/resolve-uri': [ '3.1.2' ],
26 silly audit   '@jridgewell/source-map': [ '0.3.11' ],
26 silly audit   '@jridgewell/sourcemap-codec': [ '1.5.5' ],
26 silly audit   '@jridgewell/trace-mapping': [ '0.3.31' ],
26 silly audit   '@loaders.gl/core': [ '4.3.4' ],
26 silly audit   '@loaders.gl/images': [ '4.3.4' ],
26 silly audit   '@loaders.gl/loader-utils': [ '4.3.4' ],
26 silly audit   '@loaders.gl/schema': [ '4.3.4' ],
26 silly audit   '@loaders.gl/worker-utils': [ '4.3.4' ],
26 silly audit   '@luma.gl/constants': [ '9.2.5' ],
26 silly audit   '@luma.gl/core': [ '9.2.5' ],
26 silly audit   '@luma.gl/engine': [ '9.2.5' ],
26 silly audit   '@luma.gl/shadertools': [ '9.2.5' ],
26 silly audit   '@luma.gl/webgl': [ '9.2.5' ],
26 silly audit   '@mapbox/geojson-rewind': [ '0.5.2' ],
26 silly audit   '@mapbox/jsonlint-lines-primitives': [ '2.0.2' ],
26 silly audit   '@mapbox/point-geometry': [ '0.1.0' ],
26 silly audit   '@mapbox/tiny-sdf': [ '2.0.7' ],
26 silly audit   '@mapbox/unitbezier': [ '0.0.1' ],
26 silly audit   '@mapbox/vector-tile': [ '1.3.1' ],
26 silly audit   '@mapbox/whoots-js': [ '3.1.0' ],
26 silly audit   '@maplibre/maplibre-gl-style-spec': [ '20.4.0' ],
26 silly audit   quickselect: [ '2.0.0', '3.0.0' ],
26 silly audit   '@math.gl/core': [ '4.1.0' ],
26 silly audit   '@math.gl/polygon': [ '4.1.0' ],
26 silly audit   '@math.gl/sun': [ '4.1.0' ],
26 silly audit   '@math.gl/types': [ '4.1.0' ],
26 silly audit   '@math.gl/web-mercator': [ '4.1.0' ],
26 silly audit   '@nodelib/fs.scandir': [ '2.1.5' ],
26 silly audit   '@nodelib/fs.stat': [ '2.0.5' ],
26 silly audit   '@nodelib/fs.walk': [ '1.2.8' ],
26 silly audit   '@probe.gl/env': [ '4.1.0' ],
26 silly audit   '@probe.gl/log': [ '4.1.0' ],
26 silly audit   '@probe.gl/stats': [ '4.1.0' ],
26 silly audit   '@react-leaflet/core': [ '3.0.0' ],
26 silly audit   '@react-pdf/fns': [ '3.1.2' ],
26 silly audit   '@react-pdf/font': [ '4.0.4' ],
26 silly audit   '@react-pdf/image': [ '3.0.4' ],
26 silly audit   '@react-pdf/layout': [ '4.4.2' ],
26 silly audit   '@react-pdf/pdfkit': [ '4.1.0' ],
26 silly audit   '@react-pdf/png-js': [ '3.0.0' ],
26 silly audit   '@react-pdf/primitives': [ '4.1.1' ],
26 silly audit   '@react-pdf/reconciler': [ '2.0.0' ],
26 silly audit   scheduler: [ '0.25.0-rc-603e6108-20241029', '0.23.2' ],
26 silly audit   '@react-pdf/render': [ '4.3.2' ],
26 silly audit   '@react-pdf/renderer': [ '4.3.2' ],
26 silly audit   '@react-pdf/stylesheet': [ '6.1.2' ],
26 silly audit   '@react-pdf/textkit': [ '6.1.0' ],
26 silly audit   '@react-pdf/types': [ '2.9.2' ],
26 silly audit   '@rolldown/pluginutils': [ '1.0.0-beta.27' ],
26 silly audit   '@rollup/plugin-babel': [ '5.3.1' ],
26 silly audit   '@rollup/plugin-node-resolve': [ '15.3.1' ],
26 silly audit   '@rollup/pluginutils': [ '5.3.0', '3.1.0' ],
26 silly audit   'estree-walker': [ '2.0.2', '1.0.1', '3.0.3' ],
26 silly audit   picomatch: [ '4.0.3', '2.3.1' ],
26 silly audit   '@rollup/plugin-replace': [ '2.4.2' ],
26 silly audit   'magic-string': [ '0.25.9', '0.30.21' ],
26 silly audit   '@rollup/plugin-terser': [ '0.4.4' ],
26 silly audit   '@types/estree': [ '0.0.39', '1.0.8' ],
26 silly audit   '@rollup/rollup-android-arm-eabi': [ '4.54.0' ],
26 silly audit   '@rollup/rollup-android-arm64': [ '4.54.0' ],
26 silly audit   '@rollup/rollup-darwin-arm64': [ '4.54.0' ],
26 silly audit   '@rollup/rollup-darwin-x64': [ '4.54.0' ],
26 silly audit   '@rollup/rollup-freebsd-arm64': [ '4.54.0' ],
26 silly audit   '@rollup/rollup-freebsd-x64': [ '4.54.0' ],
26 silly audit   '@rollup/rollup-linux-arm-gnueabihf': [ '4.54.0' ],
26 silly audit   '@rollup/rollup-linux-arm-musleabihf': [ '4.54.0' ],
26 silly audit   '@rollup/rollup-linux-arm64-gnu': [ '4.54.0' ],
26 silly audit   '@rollup/rollup-linux-arm64-musl': [ '4.54.0' ],
26 silly audit   '@rollup/rollup-linux-loong64-gnu': [ '4.54.0' ],
26 silly audit   '@rollup/rollup-linux-ppc64-gnu': [ '4.54.0' ],
26 silly audit   '@rollup/rollup-linux-riscv64-gnu': [ '4.54.0' ],
26 silly audit   '@rollup/rollup-linux-riscv64-musl': [ '4.54.0' ],
26 silly audit   '@rollup/rollup-linux-s390x-gnu': [ '4.54.0' ],
26 silly audit   '@rollup/rollup-linux-x64-gnu': [ '4.54.0' ],
26 silly audit   '@rollup/rollup-linux-x64-musl': [ '4.54.0' ],
26 silly audit   '@rollup/rollup-openharmony-arm64': [ '4.54.0' ],
26 silly audit   '@rollup/rollup-win32-arm64-msvc': [ '4.54.0' ],
26 silly audit   '@rollup/rollup-win32-ia32-msvc': [ '4.54.0' ],
26 silly audit   '@rollup/rollup-win32-x64-gnu': [ '4.54.0' ],
26 silly audit   '@rollup/rollup-win32-x64-msvc': [ '4.54.0' ],
26 silly audit   '@standard-schema/spec': [ '1.1.0' ],
26 silly audit   '@surma/rollup-plugin-off-main-thread': [ '2.2.3' ],
26 silly audit   '@swc/helpers': [ '0.5.18' ],
26 silly audit   tslib: [ '2.8.1', '2.3.0' ],
26 silly audit   '@tanstack/react-virtual': [ '3.13.13' ],
26 silly audit   '@tanstack/virtual-core': [ '3.13.13' ],
26 silly audit   '@tensorflow/tfjs': [ '4.22.0' ],
26 silly audit   '@tensorflow/tfjs-backend-cpu': [ '4.22.0' ],
26 silly audit   '@tensorflow/tfjs-backend-webgl': [ '4.22.0' ],
26 silly audit   '@tensorflow/tfjs-converter': [ '4.22.0' ],
26 silly audit   '@tensorflow/tfjs-core': [ '4.22.0' ],
26 silly audit   '@tensorflow/tfjs-data': [ '4.22.0' ],
26 silly audit   '@tensorflow/tfjs-layers': [ '4.22.0' ],
26 silly audit   '@testing-library/jest-dom': [ '6.9.1' ],
26 silly audit   '@testing-library/react': [ '16.3.1' ],
26 silly audit   '@types/babel__core': [ '7.20.5' ],
26 silly audit   '@types/babel__generator': [ '7.27.0' ],
26 silly audit   '@types/babel__template': [ '7.4.4' ],
26 silly audit   '@types/babel__traverse': [ '7.28.0' ],
26 silly audit   '@types/chai': [ '5.2.3' ],
26 silly audit   '@types/deep-eql': [ '4.0.2' ],
26 silly audit   '@types/geojson': [ '7946.0.16' ],
26 silly audit   '@types/geojson-vt': [ '3.2.5' ],
26 silly audit   '@types/leaflet': [ '1.9.21' ],
26 silly audit   '@types/long': [ '4.0.2' ],
26 silly audit   '@types/mapbox__point-geometry': [ '0.1.4' ],
26 silly audit   '@types/mapbox__vector-tile': [ '1.3.4' ],
26 silly audit   '@types/node': [ '25.0.3' ],
26 silly audit   '@types/node-fetch': [ '2.6.13' ],
26 silly audit   '@types/pako': [ '2.0.4' ],
26 silly audit   '@types/pbf': [ '3.0.5' ],
26 silly audit   '@types/prop-types': [ '15.7.15' ],
26 silly audit   '@types/raf': [ '3.4.3' ],
26 silly audit   '@types/react': [ '18.3.27' ],
26 silly audit   '@types/react-dom': [ '18.3.7' ],
26 silly audit   '@types/react-window': [ '1.8.8' ],
26 silly audit   '@types/resolve': [ '1.20.2' ],
26 silly audit   '@types/seedrandom': [ '2.4.34' ],
26 silly audit   '@types/supercluster': [ '7.1.3' ],
26 silly audit   '@types/trusted-types': [ '2.0.7' ],
26 silly audit   '@vitejs/plugin-react': [ '4.7.0' ],
26 silly audit   '@vitest/expect': [ '4.0.16' ],
26 silly audit   '@vitest/mocker': [ '4.0.16' ],
26 silly audit   '@vitest/pretty-format': [ '4.0.16' ],
26 silly audit   '@vitest/runner': [ '4.0.16' ],
26 silly audit   '@vitest/snapshot': [ '4.0.16' ],
26 silly audit   '@vitest/spy': [ '4.0.16' ],
26 silly audit   '@vitest/utils': [ '4.0.16' ],
26 silly audit   '@webgpu/types': [ '0.1.38' ],
26 silly audit   'abs-svg-path': [ '0.1.1' ],
26 silly audit   acorn: [ '8.15.0' ],
26 silly audit   'agent-base': [ '7.1.4' ],
26 silly audit   ajv: [ '8.17.1' ],
26 silly audit   'any-promise': [ '1.3.0' ],
26 silly audit   anymatch: [ '3.1.3' ],
26 silly audit   arg: [ '5.0.2' ],
26 silly audit   argparse: [ '1.0.10' ],
26 silly audit   'aria-query': [ '5.3.2' ],
26 silly audit   arima: [ '0.2.5' ],
26 silly audit   'array-buffer-byte-length': [ '1.0.2' ],
26 silly audit   'arraybuffer.prototype.slice': [ '1.0.4' ],
26 silly audit   'assertion-error': [ '2.0.1' ],
26 silly audit   async: [ '3.2.6' ],
26 silly audit   'async-function': [ '1.0.0' ],
26 silly audit   asynckit: [ '0.4.0' ],
26 silly audit   'at-least-node': [ '1.0.0' ],
26 silly audit   autoprefixer: [ '10.4.23' ],
26 silly audit   'available-typed-arrays': [ '1.0.7' ],
26 silly audit   'babel-plugin-polyfill-corejs2': [ '0.4.14' ],
26 silly audit   'babel-plugin-polyfill-corejs3': [ '0.13.0' ],
26 silly audit   'babel-plugin-polyfill-regenerator': [ '0.6.5' ],
26 silly audit   'balanced-match': [ '1.0.2' ],
26 silly audit   'base64-arraybuffer': [ '1.0.2' ],
26 silly audit   'base64-js': [ '1.5.1', '0.0.8' ],
26 silly audit   'baseline-browser-mapping': [ '2.9.11' ],
26 silly audit   'bidi-js': [ '1.0.3' ],
26 silly audit   'binary-extensions': [ '2.3.0' ],
26 silly audit   'brace-expansion': [ '2.0.2' ],
26 silly audit   braces: [ '3.0.3' ],
26 silly audit   brotli: [ '1.3.3' ],
26 silly audit   'browserify-zlib': [ '0.2.0' ],
26 silly audit   browserslist: [ '4.28.1' ],
26 silly audit   'buffer-from': [ '1.1.2' ],
26 silly audit   'call-bind': [ '1.0.8' ],
26 silly audit   'call-bind-apply-helpers': [ '1.0.2' ],
26 silly audit   'call-bound': [ '1.0.4' ],
26 silly audit   'camelcase-css': [ '2.0.1' ],
26 silly audit   'caniuse-lite': [ '1.0.30001761' ],
26 silly audit   canvg: [ '3.0.11' ],
26 silly audit   chai: [ '6.2.2' ],
26 silly audit   chalk: [ '4.1.2' ],
26 silly audit   chokidar: [ '3.6.0' ],
26 silly audit   'glob-parent': [ '5.1.2', '6.0.2' ],
26 silly audit   cliui: [ '7.0.4' ],
26 silly audit   clone: [ '2.1.2' ],
26 silly audit   'color-convert': [ '2.0.1' ],
26 silly audit   'color-name': [ '1.1.4' ],
26 silly audit   'color-string': [ '1.9.1' ],
26 silly audit   'combined-stream': [ '1.0.8' ],
26 silly audit   commander: [ '4.1.1', '2.20.3' ],
26 silly audit   'common-tags': [ '1.8.2' ],
26 silly audit   'convert-source-map': [ '2.0.0' ],
26 silly audit   'core-js': [ '3.29.1' ],
26 silly audit   'core-js-compat': [ '3.47.0' ],
26 silly audit   'core-util-is': [ '1.0.3' ],
26 silly audit   'cross-spawn': [ '7.0.6' ],
26 silly audit   isexe: [ '2.0.0', '3.1.1' ],
26 silly audit   which: [ '2.0.2', '4.0.0' ],
26 silly audit   'crypto-js': [ '4.2.0' ],
26 silly audit   'crypto-random-string': [ '2.0.0' ],
26 silly audit   'css-line-break': [ '2.1.0' ],
26 silly audit   'css-tree': [ '3.1.0' ],
26 silly audit   'css.escape': [ '1.5.1' ],
26 silly audit   cssesc: [ '3.0.0' ],
26 silly audit   cssstyle: [ '5.3.5' ],
26 silly audit   csstype: [ '3.2.3' ],
26 silly audit   'd3-hexbin': [ '0.2.2' ],
26 silly audit   'data-urls': [ '6.0.0' ],
26 silly audit   tr46: [ '6.0.0', '1.0.1', '0.0.3' ],
26 silly audit   'webidl-conversions': [ '8.0.0', '4.0.2', '3.0.1' ],
26 silly audit   'whatwg-url': [ '15.1.0', '7.1.0', '5.0.0' ],
26 silly audit   'data-view-buffer': [ '1.0.2' ],
26 silly audit   'data-view-byte-length': [ '1.0.2' ],
26 silly audit   'data-view-byte-offset': [ '1.0.1' ],
26 silly audit   debug: [ '4.4.3' ],
26 silly audit   'decimal.js': [ '10.6.0' ],
26 silly audit   deepmerge: [ '4.3.1' ],
26 silly audit   'define-data-property': [ '1.1.4' ],
26 silly audit   'define-properties': [ '1.2.1' ],
26 silly audit   'delayed-stream': [ '1.0.0' ],
26 silly audit   dexie: [ '3.2.7' ],
26 silly audit   dfa: [ '1.2.0' ],
26 silly audit   didyoumean: [ '1.2.2' ],
26 silly audit   dlv: [ '1.1.3' ],
26 silly audit   'dom-accessibility-api': [ '0.6.3' ],
26 silly audit   dompurify: [ '3.3.1' ],
26 silly audit   'dunder-proto': [ '1.0.1' ],
26 silly audit   eastasianwidth: [ '0.2.0' ],
26 silly audit   echarts: [ '6.0.0' ],
26 silly audit   'echarts-for-react': [ '3.0.5' ],
26 silly audit   ejs: [ '3.1.10' ],
26 silly audit   'electron-to-chromium': [ '1.5.267' ],
26 silly audit   'emoji-regex-xs': [ '1.0.0' ],
26 silly audit   entities: [ '6.0.1' ],
26 silly audit   'es-abstract': [ '1.24.1' ],
26 silly audit   'es-define-property': [ '1.0.1' ],
26 silly audit   'es-errors': [ '1.3.0' ],
26 silly audit   'es-module-lexer': [ '1.7.0' ],
26 silly audit   'es-object-atoms': [ '1.1.1' ],
26 silly audit   'es-set-tostringtag': [ '2.1.0' ],
26 silly audit   'es-to-primitive': [ '1.3.0' ],
26 silly audit   'es6-promise': [ '4.2.8' ],
26 silly audit   esbuild: [ '0.21.5', '0.27.2' ],
26 silly audit   escalade: [ '3.2.0' ],
26 silly audit   esutils: [ '2.0.3' ],
26 silly audit   events: [ '3.3.0' ],
26 silly audit   'expect-type': [ '1.3.0' ],
26 silly audit   'fast-deep-equal': [ '3.1.3' ],
26 silly audit   'fast-glob': [ '3.3.3' ],
26 silly audit   'fast-json-stable-stringify': [ '2.1.0' ],
26 silly audit   'fast-png': [ '6.4.0' ],
26 silly audit   pako: [ '2.1.0', '1.0.11', '0.2.9' ],
26 silly audit   'fast-uri': [ '3.1.0' ],
26 silly audit   fastq: [ '1.20.1' ],
26 silly audit   fdir: [ '6.5.0' ],
26 silly audit   fflate: [ '0.8.2' ],
26 silly audit   filelist: [ '1.0.4' ],
26 silly audit   minimatch: [ '5.1.6', '10.1.1' ],
26 silly audit   'fill-range': [ '7.1.1' ],
26 silly audit   flexsearch: [ '0.8.212' ],
26 silly audit   fontkit: [ '2.0.4' ],
26 silly audit   'for-each': [ '0.3.5' ],
26 silly audit   'foreground-child': [ '3.3.1' ],
26 silly audit   'form-data': [ '4.0.5' ],
26 silly audit   'fraction.js': [ '5.3.4' ],
26 silly audit   'fs-extra': [ '9.1.0' ],
26 silly audit   fsevents: [ '2.3.3' ],
26 silly audit   'function-bind': [ '1.1.2' ],
26 silly audit   'function.prototype.name': [ '1.1.8' ],
26 silly audit   'functions-have-names': [ '1.2.3' ],
26 silly audit   'generator-function': [ '2.0.1' ],
26 silly audit   gensync: [ '1.0.0-beta.2' ],
26 silly audit   'geojson-vt': [ '4.0.2' ],
26 silly audit   'get-caller-file': [ '2.0.5' ],
26 silly audit   'get-intrinsic': [ '1.3.0' ],
26 silly audit   'get-own-enumerable-property-symbols': [ '3.0.2' ],
26 silly audit   'get-proto': [ '1.0.1' ],
26 silly audit   'get-stream': [ '6.0.1' ],
26 silly audit   'get-symbol-description': [ '1.1.0' ],
26 silly audit   'gl-matrix': [ '3.4.4' ],
26 silly audit   glob: [ '11.1.0' ],
26 silly audit   'global-prefix': [ '4.0.0' ],
26 silly audit   globalthis: [ '1.0.4' ],
26 silly audit   gopd: [ '1.2.0' ],
26 silly audit   'graceful-fs': [ '4.2.11' ],
26 silly audit   'has-bigints': [ '1.1.0' ],
26 silly audit   'has-flag': [ '4.0.0' ],
26 silly audit   'has-property-descriptors': [ '1.0.2' ],
26 silly audit   'has-proto': [ '1.2.0' ],
26 silly audit   'has-symbols': [ '1.1.0' ],
26 silly audit   'has-tostringtag': [ '1.0.2' ],
26 silly audit   hasown: [ '2.0.2' ],
26 silly audit   'hsl-to-hex': [ '1.0.0' ],
26 silly audit   'hsl-to-rgb-for-reals': [ '1.1.1' ],
26 silly audit   'html-encoding-sniffer': [ '6.0.0' ],
26 silly audit   html2canvas: [ '1.4.1' ],
26 silly audit   'http-proxy-agent': [ '7.0.2' ],
26 silly audit   'https-proxy-agent': [ '7.0.6' ],
26 silly audit   hyphen: [ '1.13.0' ],
26 silly audit   idb: [ '7.1.1' ],
26 silly audit   ieee754: [ '1.2.1' ],
26 silly audit   'indent-string': [ '4.0.0' ],
26 silly audit   inherits: [ '2.0.4' ],
26 silly audit   ini: [ '4.1.3' ],
26 silly audit   'internal-slot': [ '1.1.0' ],
26 silly audit   iobuffer: [ '5.4.0' ],
26 silly audit   'is-array-buffer': [ '3.0.5' ],
26 silly audit   'is-arrayish': [ '0.3.4' ],
26 silly audit   'is-async-function': [ '2.1.1' ],
26 silly audit   'is-bigint': [ '1.1.0' ],
26 silly audit   'is-binary-path': [ '2.1.0' ],
26 silly audit   'is-boolean-object': [ '1.2.2' ],
26 silly audit   'is-callable': [ '1.2.7' ],
26 silly audit   'is-core-module': [ '2.16.1' ],
26 silly audit   'is-data-view': [ '1.0.2' ],
26 silly audit   'is-date-object': [ '1.1.0' ],
26 silly audit   'is-extglob': [ '2.1.1' ],
26 silly audit   'is-finalizationregistry': [ '1.1.1' ],
26 silly audit   'is-fullwidth-code-point': [ '3.0.0' ],
26 silly audit   'is-generator-function': [ '1.1.2' ],
26 silly audit   'is-glob': [ '4.0.3' ],
26 silly audit   'is-map': [ '2.0.3' ],
26 silly audit   'is-module': [ '1.0.0' ],
26 silly audit   'is-negative-zero': [ '2.0.3' ],
26 silly audit   'is-number': [ '7.0.0' ],
26 silly audit   'is-number-object': [ '1.1.1' ],
26 silly audit   'is-obj': [ '1.0.1' ],
26 silly audit   'is-potential-custom-element-name': [ '1.0.1' ],
26 silly audit   'is-regex': [ '1.2.1' ],
26 silly audit   'is-regexp': [ '1.0.0' ],
26 silly audit   'is-set': [ '2.0.3' ],
26 silly audit   'is-shared-array-buffer': [ '1.0.4' ],
26 silly audit   'is-stream': [ '2.0.1' ],
26 silly audit   'is-string': [ '1.1.1' ],
26 silly audit   'is-symbol': [ '1.1.1' ],
26 silly audit   'is-typed-array': [ '1.1.15' ],
26 silly audit   'is-url': [ '1.2.4' ],
26 silly audit   'is-weakmap': [ '2.0.2' ],
26 silly audit   'is-weakref': [ '1.1.1' ],
26 silly audit   'is-weakset': [ '2.0.4' ],
26 silly audit   isarray: [ '1.0.0', '2.0.5' ],
26 silly audit   'isolation-forest': [ '0.0.9' ],
26 silly audit   jackspeak: [ '4.1.1' ],
26 silly audit   jake: [ '10.9.4' ],
26 silly audit   'jay-peg': [ '1.1.1' ],
26 silly audit   jiti: [ '1.21.7' ],
26 silly audit   'js-tokens': [ '4.0.0' ],
26 silly audit   jsdom: [ '27.4.0' ],
26 silly audit   jsesc: [ '3.1.0' ],
26 silly audit   'json-schema': [ '0.4.0' ],
26 silly audit   'json-schema-traverse': [ '1.0.0' ],
26 silly audit   'json-stringify-pretty-compact': [ '4.0.0' ],
26 silly audit   json5: [ '2.2.3' ],
26 silly audit   jsonfile: [ '6.2.0' ],
26 silly audit   jsonpointer: [ '5.0.1' ],
26 silly audit   jspdf: [ '3.0.4' ],
26 silly audit   'jspdf-autotable': [ '5.0.2' ],
26 silly audit   kdbush: [ '4.0.2' ],
26 silly audit   'kind-of': [ '6.0.3' ],
26 silly audit   'knuth-shuffle': [ '1.0.8' ],
26 silly audit   leaflet: [ '1.9.4' ],
26 silly audit   leven: [ '3.1.0' ],
26 silly audit   lilconfig: [ '3.1.3' ],
26 silly audit   linebreak: [ '1.1.0' ],
26 silly audit   'lines-and-columns': [ '1.2.4' ],
26 silly audit   lodash: [ '4.17.21' ],
26 silly audit   'lodash.debounce': [ '4.0.8' ],
26 silly audit   'lodash.sortby': [ '4.7.0' ],
26 silly audit   long: [ '4.0.0' ],
26 silly audit   'loose-envify': [ '1.4.0' ],
26 silly audit   'lucide-react': [ '0.562.0' ],
26 silly audit   'maplibre-gl': [ '4.7.1' ],
26 silly audit   'math-intrinsics': [ '1.1.0' ],
26 silly audit   'mdn-data': [ '2.12.2' ],
26 silly audit   'media-engine': [ '1.0.3' ],
26 silly audit   'memoize-one': [ '5.2.1' ],
26 silly audit   merge2: [ '1.4.1' ],
26 silly audit   micromatch: [ '4.0.8' ],
26 silly audit   'mime-db': [ '1.52.0' ],
26 silly audit   'mime-types': [ '2.1.35' ],
26 silly audit   'min-indent': [ '1.0.1' ],
26 silly audit   minimist: [ '1.2.8' ],
26 silly audit   minipass: [ '7.1.2' ],
26 silly audit   'mjolnir.js': [ '3.0.0' ],
26 silly audit   ms: [ '2.1.3' ],
26 silly audit   'murmurhash-js': [ '1.0.0' ],
26 silly audit   mz: [ '2.7.0' ],
26 silly audit   nanoid: [ '3.3.11' ],
26 silly audit   'node-fetch': [ '2.6.13' ],
26 silly audit   'node-releases': [ '2.0.27' ],
26 silly audit   'normalize-path': [ '3.0.0' ],
26 silly audit   'normalize-svg-path': [ '1.1.0' ],
26 silly audit   'object-assign': [ '4.1.1' ],
26 silly audit   'object-hash': [ '3.0.0' ],
26 silly audit   'object-inspect': [ '1.13.4' ],
26 silly audit   'object-keys': [ '1.1.1' ],
26 silly audit   'object.assign': [ '4.1.7' ],
26 silly audit   obug: [ '2.1.1' ],
26 silly audit   'own-keys': [ '1.0.1' ],
26 silly audit   'package-json-from-dist': [ '1.0.1' ],
26 silly audit   'parse-svg-path': [ '0.1.2' ],
26 silly audit   parse5: [ '8.0.0' ],
26 silly audit   'path-key': [ '3.1.1' ],
26 silly audit   'path-parse': [ '1.0.7' ],
26 silly audit   'path-scurry': [ '2.0.1' ],
26 silly audit   pathe: [ '2.0.3' ],
26 silly audit   pbf: [ '3.3.0' ],
26 silly audit   'performance-now': [ '2.1.0' ],
26 silly audit   picocolors: [ '1.1.1' ],
26 silly audit   pify: [ '2.3.0' ],
26 silly audit   pirates: [ '4.0.7' ],
26 silly audit   'possible-typed-array-names': [ '1.1.0' ],
26 silly audit   postcss: [ '8.5.6' ],
26 silly audit   'postcss-import': [ '15.1.0' ],
26 silly audit   'postcss-js': [ '4.1.0' ],
26 silly audit   'postcss-load-config': [ '6.0.1' ],
26 silly audit   'postcss-nested': [ '6.2.0' ],
26 silly audit   'postcss-selector-parser': [ '6.1.2' ],
26 silly audit   'postcss-value-parser': [ '4.2.0' ],
26 silly audit   potpack: [ '2.1.0' ],
26 silly audit   'pretty-bytes': [ '6.1.1', '5.6.0' ],
26 silly audit   'process-nextick-args': [ '2.0.1' ],
26 silly audit   'prop-types': [ '15.8.1' ],
26 silly audit   'protocol-buffers-schema': [ '3.6.0' ],
26 silly audit   punycode: [ '2.3.1' ],
26 silly audit   queue: [ '6.0.2' ],
26 silly audit   'queue-microtask': [ '1.2.3' ],
26 silly audit   raf: [ '3.4.1' ],
26 silly audit   randombytes: [ '2.1.0' ],
26 silly audit   react: [ '18.3.1' ],
26 silly audit   'react-dom': [ '18.3.1' ],
26 silly audit   'react-is': [ '16.13.1' ],
26 silly audit   'react-leaflet': [ '5.0.0' ],
26 silly audit   'react-refresh': [ '0.17.0' ],
26 silly audit   'react-window': [ '1.8.11' ],
26 silly audit   'read-cache': [ '1.0.0' ],
26 silly audit   'readable-stream': [ '2.3.8' ],
26 silly audit   'safe-buffer': [ '5.1.2', '5.2.1' ],
26 silly audit   string_decoder: [ '1.1.1', '1.3.0' ],
26 silly audit   readdirp: [ '3.6.0' ],
26 silly audit   redent: [ '3.0.0' ],
26 silly audit   'reflect.getprototypeof': [ '1.0.10' ],
26 silly audit   regenerate: [ '1.4.2' ],
26 silly audit   'regenerate-unicode-properties': [ '10.2.2' ],
26 silly audit   'regenerator-runtime': [ '0.13.11' ],
26 silly audit   'regexp.prototype.flags': [ '1.5.4' ],
26 silly audit   'regexpu-core': [ '6.4.0' ],
26 silly audit   regjsgen: [ '0.8.0' ],
26 silly audit   regjsparser: [ '0.13.0' ],
26 silly audit   'require-directory': [ '2.1.1' ],
26 silly audit   'require-from-string': [ '2.0.2' ],
26 silly audit   resolve: [ '1.22.11' ],
26 silly audit   'resolve-protobuf-schema': [ '2.1.0' ],
26 silly audit   restructure: [ '3.0.2' ],
26 silly audit   reusify: [ '1.1.0' ],
26 silly audit   rgbcolor: [ '1.0.1' ],
26 silly audit   rollup: [ '4.54.0', '2.79.2' ],
26 silly audit   'run-parallel': [ '1.2.0' ],
26 silly audit   rw: [ '1.3.3' ],
26 silly audit   'safe-array-concat': [ '1.1.3' ],
26 silly audit   'safe-push-apply': [ '1.0.0' ],
26 silly audit   'safe-regex-test': [ '1.1.0' ],
26 silly audit   saxes: [ '6.0.0' ],
26 silly audit   seedrandom: [ '3.0.5' ],
26 silly audit   semver: [ '6.3.1' ],
26 silly audit   'serialize-javascript': [ '6.0.2' ],
26 silly audit   'set-function-length': [ '1.2.2' ],
26 silly audit   'set-function-name': [ '2.0.2' ],
26 silly audit   'set-proto': [ '1.0.0' ],
26 silly audit   'shebang-command': [ '2.0.0' ],
26 silly audit   'shebang-regex': [ '3.0.0' ],
26 silly audit   'side-channel': [ '1.1.0' ],
26 silly audit   'side-channel-list': [ '1.0.0' ],
26 silly audit   'side-channel-map': [ '1.0.1' ],
26 silly audit   'side-channel-weakmap': [ '1.0.2' ],
26 silly audit   siginfo: [ '2.0.0' ],
26 silly audit   'signal-exit': [ '4.1.0' ],
26 silly audit   'simple-swizzle': [ '0.2.4' ],
26 silly audit   'size-sensor': [ '1.0.2' ],
26 silly audit   slayer: [ '1.0.1' ],
26 silly audit   smob: [ '1.5.0' ],
26 silly audit   'source-map': [ '0.8.0-beta.0', '0.6.1' ],
26 silly audit   'source-map-js': [ '1.2.1' ],
26 silly audit   'source-map-support': [ '0.5.21' ],
26 silly audit   'sourcemap-codec': [ '1.4.8' ],
26 silly audit   'sprintf-js': [ '1.0.3' ],
26 silly audit   stackback: [ '0.0.2' ],
26 silly audit   'stackblur-canvas': [ '2.7.0' ],
26 silly audit   'std-env': [ '3.10.0' ],
26 silly audit   'stop-iteration-iterator': [ '1.1.0' ],
26 silly audit   'string.prototype.matchall': [ '4.0.12' ],
26 silly audit   'string.prototype.trim': [ '1.2.10' ],
26 silly audit   'string.prototype.trimend': [ '1.0.9' ],
26 silly audit   'string.prototype.trimstart': [ '1.0.8' ],
26 silly audit   'stringify-object': [ '3.3.0' ],
26 silly audit   'strip-comments': [ '2.0.1' ],
26 silly audit   'strip-indent': [ '3.0.0' ],
26 silly audit   sucrase: [ '3.35.1' ],
26 silly audit   supercluster: [ '8.0.1' ],
26 silly audit   'supports-color': [ '7.2.0' ],
26 silly audit   'supports-preserve-symlinks-flag': [ '1.0.0' ],
26 silly audit   'svg-arc-to-cubic-bezier': [ '3.2.0' ],
26 silly audit   'svg-pathdata': [ '6.0.3' ],
26 silly audit   'symbol-tree': [ '3.2.4' ],
26 silly audit   tailwindcss: [ '3.4.19' ],
26 silly audit   'temp-dir': [ '2.0.0' ],
26 silly audit   tempy: [ '0.6.0' ],
26 silly audit   terser: [ '5.44.1' ],
26 silly audit   'text-segmentation': [ '1.0.3' ],
26 silly audit   thenify: [ '3.3.1' ],
26 silly audit   'thenify-all': [ '1.6.0' ],
26 silly audit   through2: [ '2.0.5' ],
26 silly audit   'tiny-inflate': [ '1.0.3' ],
26 silly audit   tinybench: [ '2.9.0' ],
26 silly audit   tinyexec: [ '1.0.2' ],
26 silly audit   tinyglobby: [ '0.2.15' ],
26 silly audit   tinyqueue: [ '3.0.0' ],
26 silly audit   tinyrainbow: [ '3.0.3' ],
26 silly audit   tldts: [ '7.0.19' ],
26 silly audit   'tldts-core': [ '7.0.19' ],
26 silly audit   'to-regex-range': [ '5.0.1' ],
26 silly audit   'tough-cookie': [ '6.0.0' ],
26 silly audit   'ts-interface-checker': [ '0.1.13' ],
26 silly audit   'type-fest': [ '0.16.0' ],
26 silly audit   'typed-array-buffer': [ '1.0.3' ],
26 silly audit   'typed-array-byte-length': [ '1.0.3' ],
26 silly audit   'typed-array-byte-offset': [ '1.0.4' ],
26 silly audit   'typed-array-length': [ '1.0.7' ],
26 silly audit   typescript: [ '5.9.3' ],
26 silly audit   'unbox-primitive': [ '1.1.0' ],
26 silly audit   'undici-types': [ '7.16.0' ],
26 silly audit   'unicode-canonical-property-names-ecmascript': [ '2.0.1' ],
26 silly audit   'unicode-match-property-ecmascript': [ '2.0.0' ],
26 silly audit   'unicode-match-property-value-ecmascript': [ '2.2.1' ],
26 silly audit   'unicode-properties': [ '1.4.1' ],
26 silly audit   'unicode-property-aliases-ecmascript': [ '2.2.0' ],
26 silly audit   'unicode-trie': [ '2.0.0' ],
26 silly audit   'unique-string': [ '2.0.0' ],
26 silly audit   universalify: [ '2.0.1' ],
26 silly audit   upath: [ '1.2.0' ],
26 silly audit   'update-browserslist-db': [ '1.2.3' ],
26 silly audit   'util-deprecate': [ '1.0.2' ],
26 silly audit   utrie: [ '1.0.2' ],
26 silly audit   vite: [ '5.4.21', '7.3.0' ],
26 silly audit   'vite-compatible-readable-stream': [ '3.6.1' ],
26 silly audit   'vite-plugin-pwa': [ '1.2.0' ],
26 silly audit   vitest: [ '4.0.16' ],
26 silly audit   'vt-pbf': [ '3.1.3' ],
26 silly audit   'w3c-xmlserializer': [ '5.0.0' ],
26 silly audit   wgsl_reflect: [ '1.2.3' ],
26 silly audit   'whatwg-mimetype': [ '4.0.0' ],
26 silly audit   'which-boxed-primitive': [ '1.1.1' ],
26 silly audit   'which-builtin-type': [ '1.2.1' ],
26 silly audit   'which-collection': [ '1.0.2' ],
26 silly audit   'which-typed-array': [ '1.1.19' ],
26 silly audit   'why-is-node-running': [ '2.3.0' ],
26 silly audit   'workbox-background-sync': [ '7.4.0' ],
26 silly audit   'workbox-broadcast-update': [ '7.4.0' ],
26 silly audit   'workbox-build': [ '7.4.0' ],
26 silly audit   'workbox-cacheable-response': [ '7.4.0' ],
26 silly audit   'workbox-core': [ '7.4.0' ],
26 silly audit   'workbox-expiration': [ '7.4.0' ],
26 silly audit   'workbox-google-analytics': [ '7.4.0' ],
26 silly audit   'workbox-navigation-preload': [ '7.4.0' ],
26 silly audit   'workbox-precaching': [ '7.4.0' ],
26 silly audit   'workbox-range-requests': [ '7.4.0' ],
26 silly audit   'workbox-recipes': [ '7.4.0' ],
26 silly audit   'workbox-routing': [ '7.4.0' ],
26 silly audit   'workbox-strategies': [ '7.4.0' ],
26 silly audit   'workbox-streams': [ '7.4.0' ],
26 silly audit   'workbox-sw': [ '7.4.0' ],
26 silly audit   'workbox-window': [ '7.4.0' ],
26 silly audit   ws: [ '8.18.3' ],
26 silly audit   'xml-name-validator': [ '5.0.0' ],
26 silly audit   xmlchars: [ '2.2.0' ],
26 silly audit   xtend: [ '4.0.2' ],
26 silly audit   y18n: [ '5.0.8' ],
26 silly audit   yallist: [ '3.1.1' ],
26 silly audit   yargs: [ '16.2.0' ],
26 silly audit   'yargs-parser': [ '20.2.9' ],
26 silly audit   'yoga-layout': [ '3.2.1' ],
26 silly audit   zrender: [ '6.0.0' ],
26 silly audit   '@deck.gl/widgets': [ '9.2.5' ],
26 silly audit   preact: [ '10.28.1' ]
26 silly audit }
27 http cache preact@https://registry.npmjs.org/preact/-/preact-10.28.1.tgz 0ms (cache hit)
28 http cache @deck.gl/widgets@https://registry.npmjs.org/@deck.gl/widgets/-/widgets-9.2.5.tgz 0ms (cache hit)
29 silly tarball no local data for preact@https://registry.npmjs.org/preact/-/preact-10.28.1.tgz. Extracting by manifest.
30 silly tarball no local data for @deck.gl/widgets@https://registry.npmjs.org/@deck.gl/widgets/-/widgets-9.2.5.tgz. Extracting by manifest.
31 http fetch POST 200 https://registry.npmjs.org/-/npm/v1/security/advisories/bulk 128ms
32 silly audit report {
32 silly audit report   esbuild: [
32 silly audit report     {
32 silly audit report       id: 1102341,
32 silly audit report       url: 'https://github.com/advisories/GHSA-67mh-4wv8-2f99',
32 silly audit report       title: 'esbuild enables any website to send any requests to the development server and read the response',
32 silly audit report       severity: 'moderate',
32 silly audit report       vulnerable_versions: '<=0.24.2',
32 silly audit report       cwe: [Array],
32 silly audit report       cvss: [Object]
32 silly audit report     }
32 silly audit report   ]
32 silly audit report }
33 silly packumentCache corgi:https://registry.npmjs.org/esbuild cache-miss
34 http fetch GET 200 https://registry.npmjs.org/esbuild 60ms (cache revalidated)
35 silly packumentCache corgi:https://registry.npmjs.org/esbuild set size:877737 disposed:false
36 silly packumentCache corgi:https://registry.npmjs.org/vite cache-miss
37 http fetch GET 200 https://registry.npmjs.org/preact/-/preact-10.28.1.tgz 201ms (cache miss)
38 http fetch GET 200 https://registry.npmjs.org/@deck.gl/widgets/-/widgets-9.2.5.tgz 203ms (cache miss)
39 http fetch GET 200 https://registry.npmjs.org/vite 119ms (cache revalidated)
40 silly packumentCache corgi:https://registry.npmjs.org/vite set size:2154329 disposed:false
41 silly ADD node_modules/preact
42 silly ADD node_modules/@deck.gl/widgets
43 verbose cwd /Users/danielbuk/DCIM Compliance App
44 verbose os Darwin 25.1.0
45 verbose node v24.12.0
46 verbose npm  v11.6.2
47 verbose exit 0
48 info ok
