0 verbose cli /usr/local/bin/node /usr/local/bin/npm
1 info using npm@11.6.2
2 info using node@v24.12.0
3 silly config load:file:/usr/local/lib/node_modules/npm/npmrc
4 silly config load:file:/Users/danielbuk/DCIM Compliance App/.npmrc
5 silly config load:file:/Users/danielbuk/.npmrc
6 silly config load:file:/usr/local/etc/npmrc
7 verbose title npm install @tanstack/react-virtual
8 verbose argv "install" "--force" "--cache" "./.npm-cache" "@tanstack/react-virtual"
9 verbose logfile logs-max:10 dir:/Users/danielbuk/DCIM Compliance App/.npm-cache/_logs/2025-12-28T02_33_36_681Z-
10 verbose logfile /Users/danielbuk/DCIM Compliance App/.npm-cache/_logs/2025-12-28T02_33_36_681Z-debug-0.log
11 warn using --force Recommended protections disabled.
12 silly logfile done cleaning log files
13 silly packumentCache heap:4496293888 maxSize:1124073472 maxEntrySize:562036736
14 silly idealTree buildDeps
15 silly fetch manifest @tanstack/react-virtual@*
16 silly packumentCache full:https://registry.npmjs.org/@tanstack%2freact-virtual cache-miss
17 http fetch GET 200 https://registry.npmjs.org/@tanstack%2freact-virtual 165ms (cache miss)
18 silly packumentCache full:https://registry.npmjs.org/@tanstack%2freact-virtual set size:undefined disposed:false
19 silly fetch manifest react@^18.2.0
20 silly packumentCache full:https://registry.npmjs.org/react cache-miss
21 http fetch GET 200 https://registry.npmjs.org/npm 227ms
22 http fetch GET 200 https://registry.npmjs.org/react 113ms (cache miss)
23 silly packumentCache full:https://registry.npmjs.org/react set size:undefined disposed:false
24 silly fetch manifest react-dom@^18.2.0
25 silly packumentCache full:https://registry.npmjs.org/react-dom cache-miss
26 http fetch GET 200 https://registry.npmjs.org/react-dom 182ms (cache miss)
27 silly packumentCache full:https://registry.npmjs.org/react-dom set size:undefined disposed:false
28 silly placeDep ROOT @tanstack/react-virtual@3.13.13 OK for: dcim-compliance-app@1.0.0 want: *
29 silly fetch manifest @tanstack/virtual-core@3.13.13
30 silly packumentCache full:https://registry.npmjs.org/@tanstack%2fvirtual-core cache-miss
31 http fetch GET 200 https://registry.npmjs.org/@tanstack%2fvirtual-core 51ms (cache miss)
32 silly packumentCache full:https://registry.npmjs.org/@tanstack%2fvirtual-core set size:undefined disposed:false
33 silly fetch manifest react@^19.0.0
34 silly packumentCache full:https://registry.npmjs.org/react cache-miss
35 http cache https://registry.npmjs.org/react 9ms (cache hit)
36 silly packumentCache full:https://registry.npmjs.org/react set size:6362607 disposed:false
37 silly fetch manifest react-dom@^19.0.0
38 silly packumentCache full:https://registry.npmjs.org/react-dom cache-miss
39 http cache https://registry.npmjs.org/react-dom 13ms (cache hit)
40 silly packumentCache full:https://registry.npmjs.org/react-dom set size:8375290 disposed:false
41 warn ERESOLVE overriding peer dependency {
41 warn ERESOLVE   code: 'ERESOLVE',
41 warn ERESOLVE   edge: {
41 warn ERESOLVE     type: 'peer',
41 warn ERESOLVE     name: 'react',
41 warn ERESOLVE     spec: '^19.0.0',
41 warn ERESOLVE     error: 'INVALID',
41 warn ERESOLVE     from: {
41 warn ERESOLVE       name: '@react-leaflet/core',
41 warn ERESOLVE       version: '3.0.0',
41 warn ERESOLVE       location: 'node_modules/@react-leaflet/core',
41 warn ERESOLVE       isWorkspace: false,
41 warn ERESOLVE       dependents: [Array]
41 warn ERESOLVE     }
41 warn ERESOLVE   },
41 warn ERESOLVE   dep: {
41 warn ERESOLVE     name: 'react',
41 warn ERESOLVE     version: '19.2.3',
41 warn ERESOLVE     whileInstalling: {
41 warn ERESOLVE       name: '@react-leaflet/core',
41 warn ERESOLVE       version: '3.0.0',
41 warn ERESOLVE       path: '/Users/danielbuk/DCIM Compliance App/node_modules/@react-leaflet/core'
41 warn ERESOLVE     },
41 warn ERESOLVE     location: 'node_modules/react',
41 warn ERESOLVE     isWorkspace: false,
41 warn ERESOLVE     dependents: [ [Object] ]
41 warn ERESOLVE   },
41 warn ERESOLVE   force: true,
41 warn ERESOLVE   isMine: false,
41 warn ERESOLVE   strictPeerDeps: false,
41 warn ERESOLVE   current: {
41 warn ERESOLVE     name: 'react',
41 warn ERESOLVE     version: '18.3.1',
41 warn ERESOLVE     location: 'node_modules/react',
41 warn ERESOLVE     isWorkspace: false,
41 warn ERESOLVE     dependents: [ [Object], [Object], [Object], [Object], [Object], [Object] ]
41 warn ERESOLVE   },
41 warn ERESOLVE   peerConflict: {
41 warn ERESOLVE     current: {
41 warn ERESOLVE       name: 'react',
41 warn ERESOLVE       version: '18.3.1',
41 warn ERESOLVE       location: 'node_modules/react',
41 warn ERESOLVE       isWorkspace: false,
41 warn ERESOLVE       dependents: [Array]
41 warn ERESOLVE     },
41 warn ERESOLVE     peer: {
41 warn ERESOLVE       name: 'react',
41 warn ERESOLVE       version: '19.2.3',
41 warn ERESOLVE       whileInstalling: [Object],
41 warn ERESOLVE       location: 'node_modules/react',
41 warn ERESOLVE       isWorkspace: false,
41 warn ERESOLVE       dependents: [Array]
41 warn ERESOLVE     }
41 warn ERESOLVE   }
41 warn ERESOLVE }
42 warn ERESOLVE overriding peer dependency {
42 warn ERESOLVE   code: 'ERESOLVE',
42 warn ERESOLVE   edge: {
42 warn ERESOLVE     type: 'peer',
42 warn ERESOLVE     name: 'react-dom',
42 warn ERESOLVE     spec: '^19.0.0',
42 warn ERESOLVE     error: 'INVALID',
42 warn ERESOLVE     from: {
42 warn ERESOLVE       name: '@react-leaflet/core',
42 warn ERESOLVE       version: '3.0.0',
42 warn ERESOLVE       location: 'node_modules/@react-leaflet/core',
42 warn ERESOLVE       isWorkspace: false,
42 warn ERESOLVE       dependents: [Array]
42 warn ERESOLVE     }
42 warn ERESOLVE   },
42 warn ERESOLVE   dep: {
42 warn ERESOLVE     name: 'react-dom',
42 warn ERESOLVE     version: '19.2.3',
42 warn ERESOLVE     whileInstalling: {
42 warn ERESOLVE       name: '@react-leaflet/core',
42 warn ERESOLVE       version: '3.0.0',
42 warn ERESOLVE       path: '/Users/danielbuk/DCIM Compliance App/node_modules/@react-leaflet/core'
42 warn ERESOLVE     },
42 warn ERESOLVE     location: 'node_modules/react-dom',
42 warn ERESOLVE     isWorkspace: false,
42 warn ERESOLVE     dependents: [ [Object] ]
42 warn ERESOLVE   },
42 warn ERESOLVE   force: true,
42 warn ERESOLVE   isMine: false,
42 warn ERESOLVE   strictPeerDeps: false,
42 warn ERESOLVE   current: {
42 warn ERESOLVE     name: 'react-dom',
42 warn ERESOLVE     version: '18.3.1',
42 warn ERESOLVE     location: 'node_modules/react-dom',
42 warn ERESOLVE     isWorkspace: false,
42 warn ERESOLVE     dependents: [ [Object], [Object], [Object] ]
42 warn ERESOLVE   },
42 warn ERESOLVE   peerConflict: {
42 warn ERESOLVE     current: {
42 warn ERESOLVE       name: 'react-dom',
42 warn ERESOLVE       version: '18.3.1',
42 warn ERESOLVE       location: 'node_modules/react-dom',
42 warn ERESOLVE       isWorkspace: false,
42 warn ERESOLVE       dependents: [Array]
42 warn ERESOLVE     },
42 warn ERESOLVE     peer: {
42 warn ERESOLVE       name: 'react-dom',
42 warn ERESOLVE       version: '19.2.3',
42 warn ERESOLVE       whileInstalling: [Object],
42 warn ERESOLVE       location: 'node_modules/react-dom',
42 warn ERESOLVE       isWorkspace: false,
42 warn ERESOLVE       dependents: [Array]
42 warn ERESOLVE     }
42 warn ERESOLVE   }
42 warn ERESOLVE }
43 silly placeDep ROOT @tanstack/virtual-core@3.13.13 OK for: @tanstack/react-virtual@3.13.13 want: 3.13.13
44 warn ERESOLVE overriding peer dependency {
44 warn ERESOLVE   code: 'ERESOLVE',
44 warn ERESOLVE   edge: {
44 warn ERESOLVE     type: 'peer',
44 warn ERESOLVE     name: 'react',
44 warn ERESOLVE     spec: '^19.0.0',
44 warn ERESOLVE     error: 'INVALID',
44 warn ERESOLVE     from: {
44 warn ERESOLVE       name: 'react-leaflet',
44 warn ERESOLVE       version: '5.0.0',
44 warn ERESOLVE       location: 'node_modules/react-leaflet',
44 warn ERESOLVE       isWorkspace: false,
44 warn ERESOLVE       dependents: [Array]
44 warn ERESOLVE     }
44 warn ERESOLVE   },
44 warn ERESOLVE   dep: {
44 warn ERESOLVE     name: 'react',
44 warn ERESOLVE     version: '19.2.3',
44 warn ERESOLVE     whileInstalling: {
44 warn ERESOLVE       name: 'react-leaflet',
44 warn ERESOLVE       version: '5.0.0',
44 warn ERESOLVE       path: '/Users/danielbuk/DCIM Compliance App/node_modules/react-leaflet'
44 warn ERESOLVE     },
44 warn ERESOLVE     location: 'node_modules/react',
44 warn ERESOLVE     isWorkspace: false,
44 warn ERESOLVE     dependents: [ [Object] ]
44 warn ERESOLVE   },
44 warn ERESOLVE   force: true,
44 warn ERESOLVE   isMine: true,
44 warn ERESOLVE   strictPeerDeps: false,
44 warn ERESOLVE   current: {
44 warn ERESOLVE     name: 'react',
44 warn ERESOLVE     version: '18.3.1',
44 warn ERESOLVE     location: 'node_modules/react',
44 warn ERESOLVE     isWorkspace: false,
44 warn ERESOLVE     dependents: [ [Object], [Object], [Object], [Object], [Object], [Object] ]
44 warn ERESOLVE   },
44 warn ERESOLVE   peerConflict: {
44 warn ERESOLVE     current: {
44 warn ERESOLVE       name: 'react',
44 warn ERESOLVE       version: '18.3.1',
44 warn ERESOLVE       location: 'node_modules/react',
44 warn ERESOLVE       isWorkspace: false,
44 warn ERESOLVE       dependents: [Array]
44 warn ERESOLVE     },
44 warn ERESOLVE     peer: {
44 warn ERESOLVE       name: 'react',
44 warn ERESOLVE       version: '19.2.3',
44 warn ERESOLVE       whileInstalling: [Object],
44 warn ERESOLVE       location: 'node_modules/react',
44 warn ERESOLVE       isWorkspace: false,
44 warn ERESOLVE       dependents: [Array]
44 warn ERESOLVE     }
44 warn ERESOLVE   }
44 warn ERESOLVE }
45 warn ERESOLVE overriding peer dependency {
45 warn ERESOLVE   code: 'ERESOLVE',
45 warn ERESOLVE   edge: {
45 warn ERESOLVE     type: 'peer',
45 warn ERESOLVE     name: 'react-dom',
45 warn ERESOLVE     spec: '^19.0.0',
45 warn ERESOLVE     error: 'INVALID',
45 warn ERESOLVE     from: {
45 warn ERESOLVE       name: 'react-leaflet',
45 warn ERESOLVE       version: '5.0.0',
45 warn ERESOLVE       location: 'node_modules/react-leaflet',
45 warn ERESOLVE       isWorkspace: false,
45 warn ERESOLVE       dependents: [Array]
45 warn ERESOLVE     }
45 warn ERESOLVE   },
45 warn ERESOLVE   dep: {
45 warn ERESOLVE     name: 'react-dom',
45 warn ERESOLVE     version: '19.2.3',
45 warn ERESOLVE     whileInstalling: {
45 warn ERESOLVE       name: 'react-leaflet',
45 warn ERESOLVE       version: '5.0.0',
45 warn ERESOLVE       path: '/Users/danielbuk/DCIM Compliance App/node_modules/react-leaflet'
45 warn ERESOLVE     },
45 warn ERESOLVE     location: 'node_modules/react-dom',
45 warn ERESOLVE     isWorkspace: false,
45 warn ERESOLVE     dependents: [ [Object] ]
45 warn ERESOLVE   },
45 warn ERESOLVE   force: true,
45 warn ERESOLVE   isMine: true,
45 warn ERESOLVE   strictPeerDeps: false,
45 warn ERESOLVE   current: {
45 warn ERESOLVE     name: 'react-dom',
45 warn ERESOLVE     version: '18.3.1',
45 warn ERESOLVE     location: 'node_modules/react-dom',
45 warn ERESOLVE     isWorkspace: false,
45 warn ERESOLVE     dependents: [ [Object], [Object], [Object] ]
45 warn ERESOLVE   },
45 warn ERESOLVE   peerConflict: {
45 warn ERESOLVE     current: {
45 warn ERESOLVE       name: 'react-dom',
45 warn ERESOLVE       version: '18.3.1',
45 warn ERESOLVE       location: 'node_modules/react-dom',
45 warn ERESOLVE       isWorkspace: false,
45 warn ERESOLVE       dependents: [Array]
45 warn ERESOLVE     },
45 warn ERESOLVE     peer: {
45 warn ERESOLVE       name: 'react-dom',
45 warn ERESOLVE       version: '19.2.3',
45 warn ERESOLVE       whileInstalling: [Object],
45 warn ERESOLVE       location: 'node_modules/react-dom',
45 warn ERESOLVE       isWorkspace: false,
45 warn ERESOLVE       dependents: [Array]
45 warn ERESOLVE     }
45 warn ERESOLVE   }
45 warn ERESOLVE }
46 silly reify moves {}
47 silly audit bulk request {
47 silly audit   '@alloc/quick-lru': [ '5.2.0' ],
47 silly audit   '@babel/code-frame': [ '7.27.1' ],
47 silly audit   '@babel/compat-data': [ '7.28.5' ],
47 silly audit   '@babel/core': [ '7.28.5' ],
47 silly audit   '@babel/generator': [ '7.28.5' ],
47 silly audit   '@babel/helper-compilation-targets': [ '7.27.2' ],
47 silly audit   '@babel/helper-globals': [ '7.28.0' ],
47 silly audit   '@babel/helper-module-imports': [ '7.27.1' ],
47 silly audit   '@babel/helper-module-transforms': [ '7.28.3' ],
47 silly audit   '@babel/helper-plugin-utils': [ '7.27.1' ],
47 silly audit   '@babel/helper-string-parser': [ '7.27.1' ],
47 silly audit   '@babel/helper-validator-identifier': [ '7.28.5' ],
47 silly audit   '@babel/helper-validator-option': [ '7.27.1' ],
47 silly audit   '@babel/helpers': [ '7.28.4' ],
47 silly audit   '@babel/parser': [ '7.28.5' ],
47 silly audit   '@babel/plugin-transform-react-jsx-self': [ '7.27.1' ],
47 silly audit   '@babel/plugin-transform-react-jsx-source': [ '7.27.1' ],
47 silly audit   '@babel/runtime': [ '7.28.4' ],
47 silly audit   '@babel/template': [ '7.27.2' ],
47 silly audit   '@babel/traverse': [ '7.28.5' ],
47 silly audit   '@babel/types': [ '7.28.5' ],
47 silly audit   '@esbuild/aix-ppc64': [ '0.21.5' ],
47 silly audit   '@esbuild/android-arm': [ '0.21.5' ],
47 silly audit   '@esbuild/android-arm64': [ '0.21.5' ],
47 silly audit   '@esbuild/android-x64': [ '0.21.5' ],
47 silly audit   '@esbuild/darwin-arm64': [ '0.21.5' ],
47 silly audit   '@esbuild/darwin-x64': [ '0.21.5' ],
47 silly audit   '@esbuild/freebsd-arm64': [ '0.21.5' ],
47 silly audit   '@esbuild/freebsd-x64': [ '0.21.5' ],
47 silly audit   '@esbuild/linux-arm': [ '0.21.5' ],
47 silly audit   '@esbuild/linux-arm64': [ '0.21.5' ],
47 silly audit   '@esbuild/linux-ia32': [ '0.21.5' ],
47 silly audit   '@esbuild/linux-loong64': [ '0.21.5' ],
47 silly audit   '@esbuild/linux-mips64el': [ '0.21.5' ],
47 silly audit   '@esbuild/linux-ppc64': [ '0.21.5' ],
47 silly audit   '@esbuild/linux-riscv64': [ '0.21.5' ],
47 silly audit   '@esbuild/linux-s390x': [ '0.21.5' ],
47 silly audit   '@esbuild/linux-x64': [ '0.21.5' ],
47 silly audit   '@esbuild/netbsd-x64': [ '0.21.5' ],
47 silly audit   '@esbuild/openbsd-x64': [ '0.21.5' ],
47 silly audit   '@esbuild/sunos-x64': [ '0.21.5' ],
47 silly audit   '@esbuild/win32-arm64': [ '0.21.5' ],
47 silly audit   '@esbuild/win32-ia32': [ '0.21.5' ],
47 silly audit   '@esbuild/win32-x64': [ '0.21.5' ],
47 silly audit   '@jridgewell/gen-mapping': [ '0.3.13' ],
47 silly audit   '@jridgewell/remapping': [ '2.3.5' ],
47 silly audit   '@jridgewell/resolve-uri': [ '3.1.2' ],
47 silly audit   '@jridgewell/sourcemap-codec': [ '1.5.5' ],
47 silly audit   '@jridgewell/trace-mapping': [ '0.3.31' ],
47 silly audit   '@mapbox/geojson-rewind': [ '0.5.2' ],
47 silly audit   '@mapbox/jsonlint-lines-primitives': [ '2.0.2' ],
47 silly audit   '@mapbox/point-geometry': [ '0.1.0' ],
47 silly audit   '@mapbox/tiny-sdf': [ '2.0.7' ],
47 silly audit   '@mapbox/unitbezier': [ '0.0.1' ],
47 silly audit   '@mapbox/vector-tile': [ '1.3.1' ],
47 silly audit   '@mapbox/whoots-js': [ '3.1.0' ],
47 silly audit   '@maplibre/maplibre-gl-style-spec': [ '20.4.0' ],
47 silly audit   quickselect: [ '2.0.0', '3.0.0' ],
47 silly audit   '@nodelib/fs.scandir': [ '2.1.5' ],
47 silly audit   '@nodelib/fs.stat': [ '2.0.5' ],
47 silly audit   '@nodelib/fs.walk': [ '1.2.8' ],
47 silly audit   '@react-leaflet/core': [ '3.0.0' ],
47 silly audit   '@rolldown/pluginutils': [ '1.0.0-beta.27' ],
47 silly audit   '@rollup/rollup-android-arm-eabi': [ '4.54.0' ],
47 silly audit   '@rollup/rollup-android-arm64': [ '4.54.0' ],
47 silly audit   '@rollup/rollup-darwin-arm64': [ '4.54.0' ],
47 silly audit   '@rollup/rollup-darwin-x64': [ '4.54.0' ],
47 silly audit   '@rollup/rollup-freebsd-arm64': [ '4.54.0' ],
47 silly audit   '@rollup/rollup-freebsd-x64': [ '4.54.0' ],
47 silly audit   '@rollup/rollup-linux-arm-gnueabihf': [ '4.54.0' ],
47 silly audit   '@rollup/rollup-linux-arm-musleabihf': [ '4.54.0' ],
47 silly audit   '@rollup/rollup-linux-arm64-gnu': [ '4.54.0' ],
47 silly audit   '@rollup/rollup-linux-arm64-musl': [ '4.54.0' ],
47 silly audit   '@rollup/rollup-linux-loong64-gnu': [ '4.54.0' ],
47 silly audit   '@rollup/rollup-linux-ppc64-gnu': [ '4.54.0' ],
47 silly audit   '@rollup/rollup-linux-riscv64-gnu': [ '4.54.0' ],
47 silly audit   '@rollup/rollup-linux-riscv64-musl': [ '4.54.0' ],
47 silly audit   '@rollup/rollup-linux-s390x-gnu': [ '4.54.0' ],
47 silly audit   '@rollup/rollup-linux-x64-gnu': [ '4.54.0' ],
47 silly audit   '@rollup/rollup-linux-x64-musl': [ '4.54.0' ],
47 silly audit   '@rollup/rollup-openharmony-arm64': [ '4.54.0' ],
47 silly audit   '@rollup/rollup-win32-arm64-msvc': [ '4.54.0' ],
47 silly audit   '@rollup/rollup-win32-ia32-msvc': [ '4.54.0' ],
47 silly audit   '@rollup/rollup-win32-x64-gnu': [ '4.54.0' ],
47 silly audit   '@rollup/rollup-win32-x64-msvc': [ '4.54.0' ],
47 silly audit   '@tensorflow/tfjs': [ '4.22.0' ],
47 silly audit   '@tensorflow/tfjs-backend-cpu': [ '4.22.0' ],
47 silly audit   '@tensorflow/tfjs-backend-webgl': [ '4.22.0' ],
47 silly audit   '@tensorflow/tfjs-converter': [ '4.22.0' ],
47 silly audit   '@tensorflow/tfjs-core': [ '4.22.0' ],
47 silly audit   '@types/offscreencanvas': [ '2019.7.3', '2019.3.0' ],
47 silly audit   '@tensorflow/tfjs-data': [ '4.22.0' ],
47 silly audit   '@tensorflow/tfjs-layers': [ '4.22.0' ],
47 silly audit   '@types/babel__core': [ '7.20.5' ],
47 silly audit   '@types/babel__generator': [ '7.27.0' ],
47 silly audit   '@types/babel__template': [ '7.4.4' ],
47 silly audit   '@types/babel__traverse': [ '7.28.0' ],
47 silly audit   '@types/estree': [ '1.0.8' ],
47 silly audit   '@types/geojson': [ '7946.0.16' ],
47 silly audit   '@types/geojson-vt': [ '3.2.5' ],
47 silly audit   '@types/leaflet': [ '1.9.21' ],
47 silly audit   '@types/long': [ '4.0.2' ],
47 silly audit   '@types/mapbox__point-geometry': [ '0.1.4' ],
47 silly audit   '@types/mapbox__vector-tile': [ '1.3.4' ],
47 silly audit   '@types/node': [ '25.0.3' ],
47 silly audit   '@types/node-fetch': [ '2.6.13' ],
47 silly audit   '@types/pbf': [ '3.0.5' ],
47 silly audit   '@types/prop-types': [ '15.7.15' ],
47 silly audit   '@types/react': [ '18.3.27' ],
47 silly audit   '@types/react-dom': [ '18.3.7' ],
47 silly audit   '@types/react-window': [ '1.8.8' ],
47 silly audit   '@types/seedrandom': [ '2.4.34' ],
47 silly audit   '@types/supercluster': [ '7.1.3' ],
47 silly audit   '@vitejs/plugin-react': [ '4.7.0' ],
47 silly audit   '@webgpu/types': [ '0.1.38' ],
47 silly audit   'ansi-regex': [ '5.0.1' ],
47 silly audit   'ansi-styles': [ '4.3.0' ],
47 silly audit   'any-promise': [ '1.3.0' ],
47 silly audit   anymatch: [ '3.1.3' ],
47 silly audit   arg: [ '5.0.2' ],
47 silly audit   argparse: [ '1.0.10' ],
47 silly audit   arima: [ '0.2.5' ],
47 silly audit   asynckit: [ '0.4.0' ],
47 silly audit   autoprefixer: [ '10.4.23' ],
47 silly audit   'baseline-browser-mapping': [ '2.9.11' ],
47 silly audit   'binary-extensions': [ '2.3.0' ],
47 silly audit   braces: [ '3.0.3' ],
47 silly audit   browserslist: [ '4.28.1' ],
47 silly audit   'call-bind-apply-helpers': [ '1.0.2' ],
47 silly audit   'camelcase-css': [ '2.0.1' ],
47 silly audit   'caniuse-lite': [ '1.0.30001761' ],
47 silly audit   chalk: [ '4.1.2' ],
47 silly audit   chokidar: [ '3.6.0' ],
47 silly audit   'glob-parent': [ '5.1.2', '6.0.2' ],
47 silly audit   cliui: [ '7.0.4' ],
47 silly audit   'color-convert': [ '2.0.1' ],
47 silly audit   'color-name': [ '1.1.4' ],
47 silly audit   'combined-stream': [ '1.0.8' ],
47 silly audit   commander: [ '4.1.1' ],
47 silly audit   'convert-source-map': [ '2.0.0' ],
47 silly audit   'core-js': [ '3.29.1' ],
47 silly audit   'core-util-is': [ '1.0.3' ],
47 silly audit   cssesc: [ '3.0.0' ],
47 silly audit   csstype: [ '3.2.3' ],
47 silly audit   debug: [ '4.4.3' ],
47 silly audit   'delayed-stream': [ '1.0.0' ],
47 silly audit   dexie: [ '3.2.7' ],
47 silly audit   didyoumean: [ '1.2.2' ],
47 silly audit   dlv: [ '1.1.3' ],
47 silly audit   'dunder-proto': [ '1.0.1' ],
47 silly audit   earcut: [ '3.0.2' ],
47 silly audit   echarts: [ '6.0.0' ],
47 silly audit   'echarts-for-react': [ '3.0.5' ],
47 silly audit   'electron-to-chromium': [ '1.5.267' ],
47 silly audit   'emoji-regex': [ '8.0.0' ],
47 silly audit   'es-define-property': [ '1.0.1' ],
47 silly audit   'es-errors': [ '1.3.0' ],
47 silly audit   'es-object-atoms': [ '1.1.1' ],
47 silly audit   'es-set-tostringtag': [ '2.1.0' ],
47 silly audit   'es6-promise': [ '4.2.8' ],
47 silly audit   esbuild: [ '0.21.5' ],
47 silly audit   escalade: [ '3.2.0' ],
47 silly audit   'fast-deep-equal': [ '3.1.3' ],
47 silly audit   'fast-glob': [ '3.3.3' ],
47 silly audit   fastq: [ '1.20.1' ],
47 silly audit   'fill-range': [ '7.1.1' ],
47 silly audit   'form-data': [ '4.0.5' ],
47 silly audit   'fraction.js': [ '5.3.4' ],
47 silly audit   fsevents: [ '2.3.3' ],
47 silly audit   'function-bind': [ '1.1.2' ],
47 silly audit   gensync: [ '1.0.0-beta.2' ],
47 silly audit   'geojson-vt': [ '4.0.2' ],
47 silly audit   'get-caller-file': [ '2.0.5' ],
47 silly audit   'get-intrinsic': [ '1.3.0' ],
47 silly audit   'get-proto': [ '1.0.1' ],
47 silly audit   'get-stream': [ '6.0.1' ],
47 silly audit   'gl-matrix': [ '3.4.4' ],
47 silly audit   'global-prefix': [ '4.0.0' ],
47 silly audit   gopd: [ '1.2.0' ],
47 silly audit   'has-flag': [ '4.0.0' ],
47 silly audit   'has-symbols': [ '1.1.0' ],
47 silly audit   'has-tostringtag': [ '1.0.2' ],
47 silly audit   hasown: [ '2.0.2' ],
47 silly audit   ieee754: [ '1.2.1' ],
47 silly audit   inherits: [ '2.0.4' ],
47 silly audit   ini: [ '4.1.3' ],
47 silly audit   'is-binary-path': [ '2.1.0' ],
47 silly audit   'is-core-module': [ '2.16.1' ],
47 silly audit   'is-extglob': [ '2.1.1' ],
47 silly audit   'is-fullwidth-code-point': [ '3.0.0' ],
47 silly audit   'is-glob': [ '4.0.3' ],
47 silly audit   'is-number': [ '7.0.0' ],
47 silly audit   isarray: [ '1.0.0' ],
47 silly audit   isexe: [ '3.1.1' ],
47 silly audit   'isolation-forest': [ '0.0.9' ],
47 silly audit   jiti: [ '1.21.7' ],
47 silly audit   'js-tokens': [ '4.0.0' ],
47 silly audit   jsesc: [ '3.1.0' ],
47 silly audit   'json-stringify-pretty-compact': [ '4.0.0' ],
47 silly audit   json5: [ '2.2.3' ],
47 silly audit   kdbush: [ '4.0.2' ],
47 silly audit   'kind-of': [ '6.0.3' ],
47 silly audit   'knuth-shuffle': [ '1.0.8' ],
47 silly audit   leaflet: [ '1.9.4' ],
47 silly audit   lilconfig: [ '3.1.3' ],
47 silly audit   'lines-and-columns': [ '1.2.4' ],
47 silly audit   long: [ '4.0.0' ],
47 silly audit   'loose-envify': [ '1.4.0' ],
47 silly audit   'lru-cache': [ '5.1.1' ],
47 silly audit   'lucide-react': [ '0.562.0' ],
47 silly audit   'maplibre-gl': [ '4.7.1' ],
47 silly audit   'math-intrinsics': [ '1.1.0' ],
47 silly audit   'memoize-one': [ '5.2.1' ],
47 silly audit   merge2: [ '1.4.1' ],
47 silly audit   micromatch: [ '4.0.8' ],
47 silly audit   'mime-db': [ '1.52.0' ],
47 silly audit   'mime-types': [ '2.1.35' ],
47 silly audit   minimist: [ '1.2.8' ],
47 silly audit   ms: [ '2.1.3' ],
47 silly audit   'murmurhash-js': [ '1.0.0' ],
47 silly audit   mz: [ '2.7.0' ],
47 silly audit   nanoid: [ '3.3.11' ],
47 silly audit   'node-fetch': [ '2.6.13' ],
47 silly audit   'node-releases': [ '2.0.27' ],
47 silly audit   'normalize-path': [ '3.0.0' ],
47 silly audit   'object-assign': [ '4.1.1' ],
47 silly audit   'object-hash': [ '3.0.0' ],
47 silly audit   'path-parse': [ '1.0.7' ],
47 silly audit   pbf: [ '3.3.0' ],
47 silly audit   picocolors: [ '1.1.1' ],
47 silly audit   picomatch: [ '2.3.1', '4.0.3' ],
47 silly audit   pify: [ '2.3.0' ],
47 silly audit   pirates: [ '4.0.7' ],
47 silly audit   postcss: [ '8.5.6' ],
47 silly audit   'postcss-import': [ '15.1.0' ],
47 silly audit   'postcss-js': [ '4.1.0' ],
47 silly audit   'postcss-load-config': [ '6.0.1' ],
47 silly audit   'postcss-nested': [ '6.2.0' ],
47 silly audit   'postcss-selector-parser': [ '6.1.2' ],
47 silly audit   'postcss-value-parser': [ '4.2.0' ],
47 silly audit   potpack: [ '2.1.0' ],
47 silly audit   'process-nextick-args': [ '2.0.1' ],
47 silly audit   'protocol-buffers-schema': [ '3.6.0' ],
47 silly audit   'queue-microtask': [ '1.2.3' ],
47 silly audit   react: [ '18.3.1' ],
47 silly audit   'react-dom': [ '18.3.1' ],
47 silly audit   'react-leaflet': [ '5.0.0' ],
47 silly audit   'react-refresh': [ '0.17.0' ],
47 silly audit   'react-window': [ '1.8.11' ],
47 silly audit   'read-cache': [ '1.0.0' ],
47 silly audit   'readable-stream': [ '2.3.8' ],
47 silly audit   'safe-buffer': [ '5.1.2', '5.2.1' ],
47 silly audit   string_decoder: [ '1.1.1', '1.3.0' ],
47 silly audit   readdirp: [ '3.6.0' ],
47 silly audit   'regenerator-runtime': [ '0.13.11' ],
47 silly audit   'require-directory': [ '2.1.1' ],
47 silly audit   resolve: [ '1.22.11' ],
47 silly audit   'resolve-protobuf-schema': [ '2.1.0' ],
47 silly audit   reusify: [ '1.1.0' ],
47 silly audit   rollup: [ '4.54.0' ],
47 silly audit   'run-parallel': [ '1.2.0' ],
47 silly audit   rw: [ '1.3.3' ],
47 silly audit   scheduler: [ '0.23.2' ],
47 silly audit   seedrandom: [ '3.0.5' ],
47 silly audit   semver: [ '6.3.1' ],
47 silly audit   'size-sensor': [ '1.0.2' ],
47 silly audit   slayer: [ '1.0.1' ],
47 silly audit   'source-map-js': [ '1.2.1' ],
47 silly audit   'sprintf-js': [ '1.0.3' ],
47 silly audit   'string-width': [ '4.2.3' ],
47 silly audit   'strip-ansi': [ '6.0.1' ],
47 silly audit   sucrase: [ '3.35.1' ],
47 silly audit   supercluster: [ '8.0.1' ],
47 silly audit   'supports-color': [ '7.2.0' ],
47 silly audit   'supports-preserve-symlinks-flag': [ '1.0.0' ],
47 silly audit   tailwindcss: [ '3.4.19' ],
47 silly audit   thenify: [ '3.3.1' ],
47 silly audit   'thenify-all': [ '1.6.0' ],
47 silly audit   through2: [ '2.0.5' ],
47 silly audit   tinyglobby: [ '0.2.15' ],
47 silly audit   fdir: [ '6.5.0' ],
47 silly audit   tinyqueue: [ '3.0.0' ],
47 silly audit   'to-regex-range': [ '5.0.1' ],
47 silly audit   tr46: [ '0.0.3' ],
47 silly audit   'ts-interface-checker': [ '0.1.13' ],
47 silly audit   tslib: [ '2.3.0' ],
47 silly audit   typescript: [ '5.9.3' ],
47 silly audit   'undici-types': [ '7.16.0' ],
47 silly audit   'update-browserslist-db': [ '1.2.3' ],
47 silly audit   'util-deprecate': [ '1.0.2' ],
47 silly audit   vite: [ '5.4.21' ],
47 silly audit   'vt-pbf': [ '3.1.3' ],
47 silly audit   'webidl-conversions': [ '3.0.1' ],
47 silly audit   'whatwg-url': [ '5.0.0' ],
47 silly audit   which: [ '4.0.0' ],
47 silly audit   'wrap-ansi': [ '7.0.0' ],
47 silly audit   xtend: [ '4.0.2' ],
47 silly audit   y18n: [ '5.0.8' ],
47 silly audit   yallist: [ '3.1.1' ],
47 silly audit   yargs: [ '16.2.0' ],
47 silly audit   'yargs-parser': [ '20.2.9' ],
47 silly audit   zrender: [ '6.0.0' ],
47 silly audit   '@tanstack/react-virtual': [ '3.13.13' ],
47 silly audit   '@tanstack/virtual-core': [ '3.13.13' ]
47 silly audit }
48 http cache @tanstack/virtual-core@https://registry.npmjs.org/@tanstack/virtual-core/-/virtual-core-3.13.13.tgz 0ms (cache hit)
49 http cache @tanstack/react-virtual@https://registry.npmjs.org/@tanstack/react-virtual/-/react-virtual-3.13.13.tgz 0ms (cache hit)
50 silly tarball no local data for @tanstack/virtual-core@https://registry.npmjs.org/@tanstack/virtual-core/-/virtual-core-3.13.13.tgz. Extracting by manifest.
51 silly tarball no local data for @tanstack/react-virtual@https://registry.npmjs.org/@tanstack/react-virtual/-/react-virtual-3.13.13.tgz. Extracting by manifest.
52 http fetch POST 200 https://registry.npmjs.org/-/npm/v1/security/advisories/bulk 153ms
53 silly audit report {
53 silly audit report   esbuild: [
53 silly audit report     {
53 silly audit report       id: 1102341,
53 silly audit report       url: 'https://github.com/advisories/GHSA-67mh-4wv8-2f99',
53 silly audit report       title: 'esbuild enables any website to send any requests to the development server and read the response',
53 silly audit report       severity: 'moderate',
53 silly audit report       vulnerable_versions: '<=0.24.2',
53 silly audit report       cwe: [Array],
53 silly audit report       cvss: [Object]
53 silly audit report     }
53 silly audit report   ]
53 silly audit report }
54 silly packumentCache corgi:https://registry.npmjs.org/esbuild cache-miss
55 http fetch GET 200 https://registry.npmjs.org/@tanstack/react-virtual/-/react-virtual-3.13.13.tgz 263ms (cache miss)
56 http fetch GET 200 https://registry.npmjs.org/@tanstack/virtual-core/-/virtual-core-3.13.13.tgz 294ms (cache miss)
57 http fetch GET 200 https://registry.npmjs.org/esbuild 265ms (cache miss)
58 silly packumentCache corgi:https://registry.npmjs.org/esbuild set size:undefined disposed:false
59 silly packumentCache corgi:https://registry.npmjs.org/vite cache-miss
60 http fetch GET 200 https://registry.npmjs.org/vite 69ms (cache miss)
61 silly packumentCache corgi:https://registry.npmjs.org/vite set size:undefined disposed:false
62 silly packumentCache corgi:https://registry.npmjs.org/@vitejs%2fplugin-react cache-miss
63 http fetch GET 200 https://registry.npmjs.org/@vitejs%2fplugin-react 67ms (cache miss)
64 silly packumentCache corgi:https://registry.npmjs.org/@vitejs%2fplugin-react set size:undefined disposed:false
65 silly ADD node_modules/@tanstack/virtual-core
66 silly ADD node_modules/@tanstack/react-virtual
67 verbose cwd /Users/danielbuk/DCIM Compliance App
68 verbose os Darwin 25.1.0
69 verbose node v24.12.0
70 verbose npm  v11.6.2
71 notice
71 notice New minor version of npm available! 11.6.2 -> 11.7.0
71 notice Changelog: https://github.com/npm/cli/releases/tag/v11.7.0
71 notice To update run: npm install -g npm@11.7.0
71 notice  { force: true, Symbol(proc-log.meta): true }
72 verbose exit 0
73 info ok
